#3: Semantic error! Illegal type of void. For variable: b
